 
===== 2026-08-17 23:27:38.45 (today=2026-08-17 yesterday=2026-08-16) ===== 
2026-08-16 (일요일)  레포 18개 스캔
  커밋 33건 · 프로젝트 6개 · 파일 131개 · 13:37~17:26
    - 세네카 학습 앱             19건  13:42~17:11  (seneca_maro)
    - 세네카 본체               9건  13:40~16:16  (seneca_ai)
    - 세네카 기록실              4건  13:47~15:53  (seneca_wiki)
    - 다니엘랩 SAT             1건  17:23~17:23  (daniellabsat)
    · 18회 모의고사 제작          파일 38개  14:12~17:26  (mt18_build)
    · 지문 제작                파일 15개  13:37~13:37  (lit_pipeline)
→ raw\2026-08-16.json
2026-08-17 (월요일)  레포 18개 스캔
  커밋 22건 · 프로젝트 8개 · 파일 94개 · 08:08~15:41
  ⚠ 아직 GitHub 에 안 올라간 커밋 6건
    - 세네카 학습 앱             19건  09:34~14:52  (seneca_maro)
    - 세네카 기록실              1건  09:53~09:53  (seneca_wiki)
    - 다니엘랩 SAT             1건  10:26~10:26  (daniellabsat)
    - 포지 SAT               1건  10:27~10:27  (ocean_vector)
    · 학생 리포트 (18회)         파일 22개  11:35~14:50  (reports_mt18)
    · 18회 모의고사 제작          파일 15개  08:08~15:41  (mt18_build)
    · 수업 자료                파일 4개  11:36~11:41  (lecture_materials)
    · VindicaOS 영업 준비      파일 1개  10:21~10:21  (vindicaos-gtm)
→ raw\2026-08-17.json
11일치 → docs\data.js  (2026-08-07 ~ 2026-08-17)
